apiVersion: config.kubernetes.io/v1
kind: ResourceList
items:
- apiVersion: kpt.dev/v1
  kind: Kptfile
  metadata:
    annotations:
      config.kubernetes.io/local-config: "true"
    name: testpkg
- apiVersion: kustomize.config.k8s.io/v1beta1
  kind: Kustomization
  metadata:
    annotations:
      internal.config.kubernetes.io/path: kustomize.yaml
  resources: []
- apiVersion: v1
  kind: ConfigMap
  metadata:
    annotations:
      internal.config.kubernetes.io/path: "resources.yaml"
      internal.config.kubernetes.io/index: "1"
    name: test-data
    namespace: default
  data:
    apple: pear
functionConfig:
  apiVersion: v1
  kind: ConfigMap
  metadata:
    name: function-input
  data:
    resources: |-
      apiVersion: kustomize.config.k8s.io/v1beta1
      kind: Kustomization
      metadata:
        annotations:
          internal.config.kubernetes.io/path: kustomize.yaml
      resources: []
